<?xml version="1.0" encoding="UTF-8"?>
<testsuites name="jest tests" tests="10" failures="1" errors="0" time="3.831">
  <testsuite name="Timezones" errors="0" failures="1" skipped="0" timestamp="2022-09-12T16:40:34" time="0.927" tests="1">
    <testcase classname="Timezones should always be UTC" name="Timezones should always be UTC" time="0.003">
      <failure>Error: expect(received).toBe(expected) // Object.is equality

Expected: -120
Received: 0
    at Object.toBe (C:\Users\Stephan Eberwijn\Documents\GitHub\Chthulu\__tests__\other\timezone.test.js:3:48)
    at Promise.then.completed (C:\Users\Stephan Eberwijn\Documents\GitHub\Chthulu\node_modules\jest-circus\build\utils.js:333:28)
    at new Promise (&lt;anonymous&gt;)
    at callAsyncCircusFn (C:\Users\Stephan Eberwijn\Documents\GitHub\Chthulu\node_modules\jest-circus\build\utils.js:259:10)
    at _callCircusTest (C:\Users\Stephan Eberwijn\Documents\GitHub\Chthulu\node_modules\jest-circus\build\run.js:277:40)
    at processTicksAndRejections (node:internal/process/task_queues:96:5)
    at _runTest (C:\Users\Stephan Eberwijn\Documents\GitHub\Chthulu\node_modules\jest-circus\build\run.js:209:3)
    at _runTestsForDescribeBlock (C:\Users\Stephan Eberwijn\Documents\GitHub\Chthulu\node_modules\jest-circus\build\run.js:97:9)
    at _runTestsForDescribeBlock (C:\Users\Stephan Eberwijn\Documents\GitHub\Chthulu\node_modules\jest-circus\build\run.js:91:9)
    at run (C:\Users\Stephan Eberwijn\Documents\GitHub\Chthulu\node_modules\jest-circus\build\run.js:31:3)</failure>
    </testcase>
  </testsuite>
  <testsuite name="Tests for function &apos;onlyUnique&apos;" errors="0" failures="0" skipped="0" timestamp="2022-09-12T16:40:34" time="1.67" tests="8">
    <testcase classname="Tests for function &apos;onlyUnique&apos; array contains only unique items" name="Tests for function &apos;onlyUnique&apos; array contains only unique items" time="0.002">
    </testcase>
    <testcase classname="Tests for function &apos;getDoubleDigitNumber&apos; single digit number is converted to double digits" name="Tests for function &apos;getDoubleDigitNumber&apos; single digit number is converted to double digits" time="0.001">
    </testcase>
    <testcase classname="Tests for function &apos;getDoubleDigitNumber&apos; double digit number is stays the same" name="Tests for function &apos;getDoubleDigitNumber&apos; double digit number is stays the same" time="0">
    </testcase>
    <testcase classname="Tests for function &apos;getDoubleDigitNumber&apos; can also accept strings" name="Tests for function &apos;getDoubleDigitNumber&apos; can also accept strings" time="0">
    </testcase>
    <testcase classname="Tests for function &apos;getDoubleDigitNumber&apos; does not accept objects" name="Tests for function &apos;getDoubleDigitNumber&apos; does not accept objects" time="0.001">
    </testcase>
    <testcase classname="Tests for function &apos;getPrettyDateString&apos; returns a string with the day written in full" name="Tests for function &apos;getPrettyDateString&apos; returns a string with the day written in full" time="0">
    </testcase>
    <testcase classname="Tests for function &apos;getPrettyDateString&apos; returns a string with the date in the right format: DD/MM/YYYY" name="Tests for function &apos;getPrettyDateString&apos; returns a string with the date in the right format: DD/MM/YYYY" time="0">
    </testcase>
    <testcase classname="Tests for function &apos;getPrettyDateString&apos; returns a string with the hours and minutes in the right format: HH:MM" name="Tests for function &apos;getPrettyDateString&apos; returns a string with the hours and minutes in the right format: HH:MM" time="0.001">
    </testcase>
  </testsuite>
  <testsuite name="Tests for function &apos;getBotEmbed&apos;" errors="0" failures="0" skipped="0" timestamp="2022-09-12T16:40:34" time="3.226" tests="1">
    <testcase classname="Tests for function &apos;getBotEmbed&apos; bot owner is found" name="Tests for function &apos;getBotEmbed&apos; bot owner is found" time="0.002">
    </testcase>
  </testsuite>
</testsuites>